Component: ARM Compiler 5.06 update 1 (build 61) Tool: armlink [4d35a8]

==============================================================================

Section Cross References

    main.o(.text) refers to system_stm32f10x.o(.text) for SystemInit
    main.o(.text) refers to delay.o(.text) for delay_init
    main.o(.text) refers to misc.o(.text) for NVIC_PriorityGroupConfig
    main.o(.text) refers to hmi_user_uart.o(.text) for Uart1_Init
    main.o(.text) refers to beep.o(.text) for BEEP_Init
    main.o(.text) refers to led.o(.text) for LED_Init
    main.o(.text) refers to timer.o(.text) for Timer2_Init
    main.o(.text) refers to w5500.o(.text) for CalcDeviceID
    main.o(.text) refers to uhfhw_config.o(.text) for UHFhw_Init
    main.o(.text) refers to w25qxx.o(.text) for W25QXX_Init
    main.o(.text) refers to cmd_queue.o(.text) for queue_reset
    main.o(.text) refers to wdg.o(.text) for IWDG_Init
    main.o(.text) refers to screen.o(.text) for SystemReset
    main.o(.text) refers to stm32f10x_gpio.o(.text) for GPIO_ReadInputDataBit
    main.o(.text) refers to uhf.o(.text) for ScanSetC
    main.o(.text) refers to rt_memclr_w.o(.text) for __aeabi_memclr4
    main.o(.text) refers to uhf.o(.data) for save_time
    main.o(.text) refers to timer.o(.data) for stopscanFlag
    main.o(.text) refers to uhf.o(.bss) for CompareEPC_T
    main.o(.text) refers to screen.o(.data) for Door_Mode
    system_stm32f10x.o(.text) refers to system_stm32f10x.o(.data) for SystemCoreClock
    beep.o(.text) refers to stm32f10x_rcc.o(.text) for RCC_APB2PeriphClockCmd
    beep.o(.text) refers to stm32f10x_gpio.o(.text) for GPIO_Init
    beep.o(.text) refers to stm32f10x_tim.o(.text) for TIM_SetCompare1
    beep.o(.text) refers to beep.o(.data) for Beeppwmval
    uhfhw_config.o(.text) refers to stm32f10x_rcc.o(.text) for RCC_APB2PeriphClockCmd
    uhfhw_config.o(.text) refers to stm32f10x_gpio.o(.text) for GPIO_Init
    led.o(.text) refers to stm32f10x_rcc.o(.text) for RCC_APB2PeriphClockCmd
    led.o(.text) refers to stm32f10x_gpio.o(.text) for GPIO_Init
    spi.o(.text) refers to stm32f10x_spi.o(.text) for SPI_I2S_GetFlagStatus
    spi.o(.text) refers to stm32f10x_rcc.o(.text) for RCC_APB2PeriphClockCmd
    spi.o(.text) refers to stm32f10x_gpio.o(.text) for GPIO_Init
    timer.o(.text) refers to stm32f10x_rcc.o(.text) for RCC_APB1PeriphClockCmd
    timer.o(.text) refers to stm32f10x_tim.o(.text) for TIM_TimeBaseInit
    timer.o(.text) refers to misc.o(.text) for NVIC_Init
    timer.o(.text) refers to wdg.o(.text) for IWDG_Feed
    timer.o(.text) refers to w5500.o(.text) for WaitNet
    timer.o(.text) refers to screen.o(.text) for SoftReset
    timer.o(.text) refers to hmi_driver.o(.text) for SetTextValue
    timer.o(.text) refers to stm32f10x_gpio.o(.text) for GPIO_PinRemapConfig
    timer.o(.text) refers to w5500.o(.data) for NetWait
    timer.o(.text) refers to uhf.o(.data) for ReaderTimedOut
    timer.o(.text) refers to main.o(.data) for timer_tick_count
    timer.o(.text) refers to timer.o(.data) for startscanFlag
    timer.o(.text) refers to screen.o(.data) for phone
    timer.o(.text) refers to beep.o(.data) for Beeppwmval
    uhf.o(.text) refers to _printf_percent.o(.ARM.Collect$$_printf_percent$$00000000) for _printf_percent
    uhf.o(.text) refers to _printf_d.o(.ARM.Collect$$_printf_percent$$00000009) for _printf_d
    uhf.o(.text) refers to _printf_dec.o(.text) for _printf_int_dec
    uhf.o(.text) refers to rt_memclr_w.o(.text) for __aeabi_memclr4
    uhf.o(.text) refers to rt_memcpy_v6.o(.text) for __aeabi_memcpy
    uhf.o(.text) refers to hmi_user_uart.o(.text) for USART1_SendData
    uhf.o(.text) refers to hmi_driver.o(.text) for SetTextValue
    uhf.o(.text) refers to delay.o(.text) for delay_ms
    uhf.o(.text) refers to stm32f10x_gpio.o(.text) for GPIO_ReadInputDataBit
    uhf.o(.text) refers to uhf.o(.bss) for RecvBuf
    uhf.o(.text) refers to uhf.o(.data) for UHF
    uhf.o(.text) refers to hmi_user_uart.o(.data) for ABORT_Succeed
    uhf.o(.text) refers to screen.o(.text) for SetTextValueInt32
    uhf.o(.text) refers to noretval__2sprintf.o(.text) for __2sprintf
    uhf.o(.text) refers to w5500.o(.text) for MakeTCPFrame
    uhf.o(.text) refers to w25qxx.o(.text) for W25QXX_Write
    uhf.o(.text) refers to memcmp.o(.text) for memcmp
    uhf.o(.text) refers to screen.o(.data) for OutNum
    uhf.o(.text) refers to screen.o(.bss) for InNumtempW
    uhf.o(.text) refers to timer.o(.data) for startscanFlag
    w25qxx.o(.text) refers to _printf_percent.o(.ARM.Collect$$_printf_percent$$00000000) for _printf_percent
    w25qxx.o(.text) refers to _printf_x.o(.ARM.Collect$$_printf_percent$$0000000C) for _printf_x
    w25qxx.o(.text) refers to _printf_hex_int.o(.text) for _printf_longlong_hex
    w25qxx.o(.text) refers to spi.o(.text) for SPI2_ReadWriteByte
    w25qxx.o(.text) refers to stm32f10x_rcc.o(.text) for RCC_APB2PeriphClockCmd
    w25qxx.o(.text) refers to stm32f10x_gpio.o(.text) for GPIO_Init
[...]
    __rt_exit_ls                             0x08000233   Thumb Code     0  rtexit2.o(.ARM.Collect$$rtexit$$00000003)
    __rt_exit_prels_1                        0x08000233   Thumb Code     0  rtexit2.o(.ARM.Collect$$rtexit$$00000002)
    __rt_exit_exit                           0x08000237   Thumb Code     0  rtexit2.o(.ARM.Collect$$rtexit$$00000004)
    main                                     0x0800023d   Thumb Code   216  main.o(.text)
    NMI_Handler                              0x08000331   Thumb Code     2  stm32f10x_it.o(.text)
    HardFault_Handler                        0x08000333   Thumb Code     4  stm32f10x_it.o(.text)
    MemManage_Handler                        0x08000337   Thumb Code     4  stm32f10x_it.o(.text)
    BusFault_Handler                         0x0800033b   Thumb Code     4  stm32f10x_it.o(.text)
    UsageFault_Handler                       0x0800033f   Thumb Code     4  stm32f10x_it.o(.text)
    SVC_Handler                              0x08000343   Thumb Code     2  stm32f10x_it.o(.text)
    DebugMon_Handler                         0x08000345   Thumb Code     2  stm32f10x_it.o(.text)
    PendSV_Handler                           0x08000347   Thumb Code     2  stm32f10x_it.o(.text)
    SysTick_Handler                          0x08000349   Thumb Code     2  stm32f10x_it.o(.text)
    SystemInit                               0x0800042b   Thumb Code    78  system_stm32f10x.o(.text)
    SystemCoreClockUpdate                    0x08000479   Thumb Code   142  system_stm32f10x.o(.text)
    BEEP_Init                                0x0800052d   Thumb Code    46  beep.o(.text)
    AdjustVolume                             0x0800055b   Thumb Code    54  beep.o(.text)
    UHFhw_Init                               0x0800059d   Thumb Code    94  uhfhw_config.o(.text)
    LED_Init                                 0x08000605   Thumb Code   116  led.o(.text)
    SPI2_ReadWriteByte                       0x08000685   Thumb Code    78  spi.o(.text)
    SPI2_Init                                0x080006d3   Thumb Code   140  spi.o(.text)
    SPI2_SetSpeed                            0x0800075f   Thumb Code    36  spi.o(.text)
    Timer2_Init                              0x0800078d   Thumb Code    96  timer.o(.text)
    TIM2_IRQHandler                          0x080007ed   Thumb Code   242  timer.o(.text)
    TIM3_PWM_Init                            0x080008df   Thumb Code   148  timer.o(.text)
    TIM3_IRQHandler                          0x08000973   Thumb Code    22  timer.o(.text)
    Timer4_Init                              0x08000989   Thumb Code    94  timer.o(.text)
    TIM4_IRQHandler                          0x080009e7   Thumb Code   218  timer.o(.text)
    UHFInit                                  0x08000b25   Thumb Code   252  uhf.o(.text)
    StopScan                                 0x08000c21   Thumb Code    94  uhf.o(.text)
    StartScan                                0x08000c7f   Thumb Code   114  uhf.o(.text)
    TagRead                                  0x08000cf1   Thumb Code   114  uhf.o(.text)
    ScanSetC                                 0x08000d63   Thumb Code    68  uhf.o(.text)
    AntSetC                                  0x08000da7   Thumb Code   140  uhf.o(.text)
    StartAlarm                               0x08000e33   Thumb Code    38  uhf.o(.text)
    Sensor_Scan                              0x08000e59   Thumb Code   106  uhf.o(.text)
    TriggerSensors                           0x08000ec3   Thumb Code  1320  uhf.o(.text)
    CompareRepeatAndSend                     0x080013eb   Thumb Code   120  uhf.o(.text)
    Transform                                0x08001463   Thumb Code   158  uhf.o(.text)
    DetectAlarm                              0x08001501   Thumb Code   826  uhf.o(.text)
    StopANT3                                 0x0800183b   Thumb Code   110  uhf.o(.text)
    StopANT2                                 0x080018a9   Thumb Code   220  uhf.o(.text)
    StopANT1                                 0x08001985   Thumb Code   110  uhf.o(.text)
    OpenANT4                                 0x080019f3   Thumb Code   110  uhf.o(.text)
    StopANT4                                 0x08001a61   Thumb Code   110  uhf.o(.text)
    OpenANT3                                 0x08001acf   Thumb Code   110  uhf.o(.text)
    OpenANT2                                 0x08001b3d   Thumb Code   112  uhf.o(.text)
    OpenANT1                                 0x08001bad   Thumb Code   114  uhf.o(.text)
    TestANT                                  0x08001c1f   Thumb Code   776  uhf.o(.text)
    check_sum                                0x08001f27   Thumb Code    32  uhf.o(.text)
    W25QXX_ReadID                            0x08001f61   Thumb Code    64  w25qxx.o(.text)
    W25QXX_Init                              0x08001fa1   Thumb Code    74  w25qxx.o(.text)
    W25QXX_ReadSR                            0x08001feb   Thumb Code    36  w25qxx.o(.text)
    W25QXX_Write_SR                          0x0800200f   Thumb Code    32  w25qxx.o(.text)
    W25QXX_Write_Enable                      0x0800202f   Thumb Code    24  w25qxx.o(.text)
    W25QXX_Write_Disable                     0x08002047   Thumb Code    24  w25qxx.o(.text)
    W25QXX_Read                              0x0800205f   Thumb Code    74  w25qxx.o(.text)
    W25QXX_Wait_Busy                         0x080020a9   Thumb Code    18  w25qxx.o(.text)
    W25QXX_Write_Page                        0x080020bb   Thumb Code    80  w25qxx.o(.text)
    W25QXX_Write_NoCheck                     0x0800210b   Thumb Code    70  w25qxx.o(.text)
    W25QXX_Erase_Sector                      0x08002151   Thumb Code    70  w25qxx.o(.text)
    W25QXX_Write                             0x08002197   Thumb Code   180  w25qxx.o(.text)
    W25QXX_Erase_Chip                        0x0800224b   Thumb Code    36  w25qxx.o(.text)
    W25QXX_PowerDown                         0x0800226f   Thumb Code    30  w25qxx.o(.text)
    W25QXX_WAKEUP                            0x0800228d   Thumb Code    30  w25qxx.o(.text)
    SPI1_Send_Byte                           0x080022c9   Thumb Code    28  w5500.o(.text)
    SPI1_Send_Short                          0x080022e5   Thumb Code    28  w5500.o(.text)
    Write_W5500_SOCK_1Byte                   0x08002301   Thumb Code    54  w5500.o(.text)
    Read_W5500_SOCK_1Byte                    0x08002337   Thumb Code    70  w5500.o(.text)
    Socket_UDP                               0x0800237d   Thumb Code    60  w5500.o(.text)
    Socket_Connect                           0x080023b9   Thumb Code    70  w5500.o(.text)
    Socket_Listen                            0x080023ff   Thumb Code   102  w5500.o(.text)
    W5500_Socket_Set                         0x08002465   Thumb Code   200  w5500.o(.text)
    Write_W5500_SOCK_4Byte                   0x0800252d   Thumb Code    80  w5500.o(.text)
    Write_W5500_SOCK_2Byte                   0x0800257d   Thumb Code    54  w5500.o(.text)
    Socket_Init                              0x080025b3   Thumb Code   122  w5500.o(.text)
    Read_W5500_SOCK_2Byte                    0x0800262d   Thumb Code    94  w5500.o(.text)
    Write_SOCK_Data_Buffer                   0x0800268b   Thumb Code   298  w5500.o(.text)
    W5500_TCP_SEND                           0x080027b5   Thumb Code    64  w5500.o(.text)
    W5500_UDP_SEND                           0x080027f5   Thumb Code    64  w5500.o(.text)
    Write_W5500_1Byte                        0x08002835   Thumb Code    42  w5500.o(.text)
    Write_W5500_2Byte                        0x0800285f   Thumb Code    42  w5500.o(.text)
    Write_W5500_nByte                        0x08002889   Thumb Code    62  w5500.o(.text)
    W5500_Init                               0x080028c7   Thumb Code   146  w5500.o(.text)
    W5500_NVIC_Configuration                 0x08002959   Thumb Code    34  w5500.o(.text)
    W5500_Hardware_Reset                     0x0800297b   Thumb Code    36  w5500.o(.text)
    Load_Net_Parameters                      0x0800299f   Thumb Code    14  w5500.o(.text)
    SPI_Configuration                        0x080029ad   Thumb Code   154  w5500.o(.text)
    W5500_GPIO_Configuration                 0x08002a47   Thumb Code   116  w5500.o(.text)
    W5500_HARDWARE_INIT                      0x08002abb   Thumb Code    98  w5500.o(.text)
    CalcDeviceID                             0x08002b1d   Thumb Code    72  w5500.o(.text)
    cal_crc16                                0x08002b65   Thumb Code    58  w5500.o(.text)
    Feedback                                 0x08002b9f   Thumb Code   150  w5500.o(.text)
    DecodeUDPFrame                           0x08002c35   Thumb Code  1072  w5500.o(.text)
    Read_SOCK_Data_Buffer                    0x08003065   Thumb Code   288  w5500.o(.text)
    MakeTCPFrame                             0x08003185   Thumb Code   136  w5500.o(.text)
    DecodeTCPFrame                           0x0800320d   Thumb Code  1278  w5500.o(.text)
    Process_Socket_Data                      0x0800370b   Thumb Code   122  w5500.o(.text)
    W5500_NVIC_Close_Configuration           0x08003785   Thumb Code   148  w5500.o(.text)
    Read_W5500_1Byte                         0x08003819   Thumb Code    58  w5500.o(.text)
    W5500_Interrupt_Process                  0x08003853   Thumb Code   242  w5500.o(.text)
    EXTI9_5_IRQHandler                       0x08003945   Thumb Code    32  w5500.o(.text)
    Detect_Gateway                           0x08003965   Thumb Code   194  w5500.o(.text)
    WaitNet                                  0x08003a27   Thumb Code    52  w5500.o(.text)
    IWDG_Init                                0x08003a7d   Thumb Code    36  wdg.o(.text)
    IWDG_Feed                                0x08003aa1   Thumb Code     8  wdg.o(.text)
    WWDG_NVIC_Init                           0x08003aa9   Thumb Code    28  wdg.o(.text)
    WWDG_Init                                0x08003ac5   Thumb Code    48  wdg.o(.text)
    WWDG_Set_Counter                         0x08003af5   Thumb Code    12  wdg.o(.text)
    WWDG_IRQHandler                          0x08003b01   Thumb Code    14  wdg.o(.text)
    queue_reset                              0x08003b11   Thumb Code    18  cmd_queue.o(.text)
    queue_push                               0x08003b23   Thumb Code    42  cmd_queue.o(.text)
    queue_find_cmd                           0x08003b93   Thumb Code   122  cmd_queue.o(.text)
    DelayMS                                  0x08003c19   Thumb Code    24  hmi_driver.o(.text)
    SendStrings                              0x08003c31   Thumb Code    22  hmi_driver.o(.text)
    SendNU8                                  0x08003c47   Thumb Code    26  hmi_driver.o(.text)
    SendNU16                                 0x08003c61   Thumb Code    38  hmi_driver.o(.text)
    SetHandShake                             0x08003c87   Thumb Code    40  hmi_driver.o(.text)
    SetFcolor                                0x08003caf   Thumb Code    54  hmi_driver.o(.text)
    SetBcolor                                0x08003ce5   Thumb Code    54  hmi_driver.o(.text)
    ColorPicker                              0x08003d1b   Thumb Code    76  hmi_driver.o(.text)
    GUI_CleanScreen                          0x08003d67   Thumb Code    40  hmi_driver.o(.text)
    SetTextSpace                             0x08003d8f   Thumb Code    56  hmi_driver.o(.text)
    SetFont_Region                           0x08003dc7   Thumb Code    76  hmi_driver.o(.text)
    SetFilterColor                           0x08003e13   Thumb Code    68  hmi_driver.o(.text)
    DisText                                  0x08003e57   Thumb Code    98  hmi_driver.o(.text)
    DisCursor                                0x08003eb9   Thumb Code   100  hmi_driver.o(.text)
    DisFull_Image                            0x08003f1d   Thumb Code    62  hmi_driver.o(.text)
    DisArea_Image                            0x08003f5b   Thumb Code    94  hmi_driver.o(.text)
    DisCut_Image                             0x08003fb9   Thumb Code   164  hmi_driver.o(.text)
    DisFlashImage                            0x0800405d   Thumb Code   106  hmi_driver.o(.text)
    GUI_Dot                                  0x080040c7   Thumb Code    68  hmi_driver.o(.text)
    GUI_Line                                 0x0800410b   Thumb Code   100  hmi_driver.o(.text)
    GUI_ConDots                              0x0800416f   Thumb Code    66  hmi_driver.o(.text)
    GUI_ConSpaceDots                         0x080041b1   Thumb Code    84  hmi_driver.o(.text)
    GUI_FcolorConOffsetDots                  0x08004205   Thumb Code    84  hmi_driver.o(.text)
    GUI_BcolorConOffsetDots                  0x08004259   Thumb Code    84  hmi_driver.o(.text)
    SetPowerSaving                           0x080042ad   Thumb Code    76  hmi_driver.o(.text)
    GUI_FcolorConDots                        0x080042f9   Thumb Code    58  hmi_driver.o(.text)
    GUI_BcolorConDots                        0x08004333   Thumb Code    58  hmi_driver.o(.text)
    GUI_Circle                               0x0800436d   Thumb Code    82  hmi_driver.o(.text)
    GUI_CircleFill                           0x080043bf   Thumb Code    82  hmi_driver.o(.text)
    GUI_Arc                                  0x08004411   Thumb Code   120  hmi_driver.o(.text)
    GUI_Rectangle                            0x08004489   Thumb Code   100  hmi_driver.o(.text)
    GUI_RectangleFill                        0x080044ed   Thumb Code   100  hmi_driver.o(.text)
    GUI_Ellipse                              0x08004551   Thumb Code   100  hmi_driver.o(.text)
    GUI_EllipseFill                          0x080045b5   Thumb Code   100  hmi_driver.o(.text)
    SetBackLight                             0x08004619   Thumb Code    48  hmi_driver.o(.text)
    SetBuzzer                                0x08004649   Thumb Code    48  hmi_driver.o(.text)
    GUI_AreaInycolor                         0x08004679   Thumb Code   100  hmi_driver.o(.text)
    SetTouchPaneOption                       0x080046dd   Thumb Code    92  hmi_driver.o(.text)
    CalibrateTouchPane                       0x08004739   Thumb Code    40  hmi_driver.o(.text)
    TestTouchPane                            0x08004761   Thumb Code    40  hmi_driver.o(.text)
    LockDeviceConfig                         0x08004789   Thumb Code    64  hmi_driver.o(.text)
    UnlockDeviceConfig                       0x080047c9   Thumb Code    64  hmi_driver.o(.text)
    SetCommBps                               0x08004809   Thumb Code    48  hmi_driver.o(.text)
    WriteLayer                               0x08004839   Thumb Code    48  hmi_driver.o(.text)
    DisplyLayer                              0x08004869   Thumb Code    48  hmi_driver.o(.text)
    CopyLayer                                0x08004899   Thumb Code    56  hmi_driver.o(.text)
    ClearLayer                               0x080048d1   Thumb Code    48  hmi_driver.o(.text)
    GUI_DispRTC                              0x08004901   Thumb Code   118  hmi_driver.o(.text)
    WriteUserFlash                           0x08004977   Thumb Code    82  hmi_driver.o(.text)
    ReadUserFlash                            0x080049c9   Thumb Code    84  hmi_driver.o(.text)
    GetScreen                                0x08004a1d   Thumb Code    46  hmi_driver.o(.text)
    SetScreen                                0x08004a4b   Thumb Code    60  hmi_driver.o(.text)
    SetScreenUpdateEnable                    0x08004a87   Thumb Code    48  hmi_driver.o(.text)
    SetControlFocus                          0x08004ab7   Thumb Code    82  hmi_driver.o(.text)
    SetControlVisiable                       0x08004b09   Thumb Code    82  hmi_driver.o(.text)
    SetControlEnable                         0x08004b5b   Thumb Code    82  hmi_driver.o(.text)
    SetButtonValue                           0x08004bad   Thumb Code    82  hmi_driver.o(.text)
    SetTextValue                             0x08004bff   Thumb Code    82  hmi_driver.o(.text)
    SetProgressValue                         0x08004c51   Thumb Code   104  hmi_driver.o(.text)
    SetMeterValue                            0x08004cb9   Thumb Code   104  hmi_driver.o(.text)
    SetSliderValue                           0x08004d21   Thumb Code   104  hmi_driver.o(.text)
    SetSelectorValue                         0x08004d89   Thumb Code    82  hmi_driver.o(.text)
    GetControlValue                          0x08004ddb   Thumb Code    74  hmi_driver.o(.text)
    AnimationStart                           0x08004e25   Thumb Code    74  hmi_driver.o(.text)
    AnimationStop                            0x08004e6f   Thumb Code    74  hmi_driver.o(.text)
    AnimationPause                           0x08004eb9   Thumb Code    74  hmi_driver.o(.text)
    AnimationPlayFrame                       0x08004f03   Thumb Code    82  hmi_driver.o(.text)
    AnimationPlayPrev                        0x08004f55   Thumb Code    74  hmi_driver.o(.text)
    AnimationPlayNext                        0x08004f9f   Thumb Code    74  hmi_driver.o(.text)
    GraphChannelAdd                          0x08004fe9   Thumb Code   100  hmi_driver.o(.text)
    GraphChannelDel                          0x0800504d   Thumb Code    82  hmi_driver.o(.text)
    GraphChannelDataAdd                      0x0800509f   Thumb Code   110  hmi_driver.o(.text)
    GraphChannelDataClear                    0x0800510d   Thumb Code    82  hmi_driver.o(.text)
    GraphSetViewport                         0x0800515f   Thumb Code   144  hmi_driver.o(.text)
    BatchBegin                               0x080051ef   Thumb Code    36  hmi_driver.o(.text)
    BatchSetButtonValue                      0x08005213   Thumb Code    38  hmi_driver.o(.text)
    BatchSetProgressValue                    0x08005239   Thumb Code    60  hmi_driver.o(.text)
    BatchSetSliderValue                      0x08005275   Thumb Code    60  hmi_driver.o(.text)
    BatchSetMeterValue                       0x080052b1   Thumb Code    60  hmi_driver.o(.text)
    GetStringLen                             0x080052ed   Thumb Code    18  hmi_driver.o(.text)
    BatchSetText                             0x080052ff   Thumb Code    56  hmi_driver.o(.text)
    BatchSetFrame                            0x08005337   Thumb Code    44  hmi_driver.o(.text)
    BatchEnd                                 0x08005363   Thumb Code    28  hmi_driver.o(.text)
    SeTimer                                  0x0800537f   Thumb Code   104  hmi_driver.o(.text)
    StartTimer                               0x080053e7   Thumb Code    74  hmi_driver.o(.text)
    StopTimer                                0x08005431   Thumb Code    74  hmi_driver.o(.text)
    PauseTimer                               0x0800547b   Thumb Code    74  hmi_driver.o(.text)
    SetControlBackColor                      0x080054c5   Thumb Code    88  hmi_driver.o(.text)
    SetControlForeColor                      0x0800551d   Thumb Code    88  hmi_driver.o(.text)
    ShowPopupMenu                            0x08005575   Thumb Code   100  hmi_driver.o(.text)
    ShowKeyboard                             0x080055d9   Thumb Code   108  hmi_driver.o(.text)
    _sys_exit                                0x08005645   Thumb Code     6  hmi_user_uart.o(.text)
    fputc                                    0x0800564b   Thumb Code    24  hmi_user_uart.o(.text)
    Uart1_Init                               0x08005663   Thumb Code   268  hmi_user_uart.o(.text)
    USART1_IRQHandler                        0x0800576f   Thumb Code   250  hmi_user_uart.o(.text)
    USART1_SendString                        0x08005869   Thumb Code    38  hmi_user_uart.o(.text)
    USART1_SendData                          0x0800588f   Thumb Code    44  hmi_user_uart.o(.text)
    USART2_IRQHandler                        0x080058bb   Thumb Code    32  hmi_user_uart.o(.text)
    SendChar                                 0x080058db   Thumb Code    42  hmi_user_uart.o(.text)
    NotifyTimer                              0x08005929   Thumb Code     2  screen.o(.text)
    NotifySelector                           0x0800592b   Thumb Code     2  screen.o(.text)
    NotifyMenu                               0x0800592d   Thumb Code     2  screen.o(.text)
    NotifyMeter                              0x0800592f   Thumb Code     2  screen.o(.text)
    SoftReset                                0x08005931   Thumb Code    38  screen.o(.text)
    SetTextValueInt32                        0x08005957   Thumb Code    38  screen.o(.text)
    NotifySlider                             0x0800597d   Thumb Code   160  screen.o(.text)
    NotifyProgress                           0x08005a1d   Thumb Code     2  screen.o(.text)
    NotifyText                               0x08005a1f   Thumb Code  1086  screen.o(.text)
    NotifyButton                             0x08005e5d   Thumb Code   972  screen.o(.text)
    NotifyScreen                             0x08006229   Thumb Code   172  screen.o(.text)
    NotifyReadRTC                            0x080062d5   Thumb Code     8  screen.o(.text)
    NotifyReadFlash                          0x080062dd   Thumb Code     2  screen.o(.text)
    NotifyWriteFlash                         0x080062df   Thumb Code     2  screen.o(.text)
    NotifyTouchXY                            0x080062e1   Thumb Code     2  screen.o(.text)
    ProcessMessage                           0x080062e3   Thumb Code   372  screen.o(.text)
    SetTextValueFloat                        0x08006457   Thumb Code    52  screen.o(.text)
    UpdateUI                                 0x0800648b   Thumb Code     2  screen.o(.text)
    ModeReset                                0x0800648d   Thumb Code   192  screen.o(.text)
    SystemReset                              0x0800654d   Thumb Code   406  screen.o(.text)
    CharToHex                                0x080066e3   Thumb Code    36  screen.o(.text)
    HexToChar                                0x08006707   Thumb Code    52  screen.o(.text)
    delay_init                               0x0800676d   Thumb Code    50  delay.o(.text)
    delay_us                                 0x0800679f   Thumb Code    72  delay.o(.text)
    delay_ms                                 0x080067e7   Thumb Code    72  delay.o(.text)
    Reset_Handler                            0x08006841   Thumb Code     8  startup_stm32f10x_hd.o(.text)
    ADC1_2_IRQHandler                        0x0800685b   Thumb Code     0  startup_stm32f10x_hd.o(.text)
    ADC3_IRQHandler                          0x0800685b   Thumb Code     0  startup_stm32f10x_hd.o(.text)
    CAN1_RX1_IRQHandler                      0x0800685b   Thumb Code     0  startup_stm32f10x_hd.o(.text)
    CAN1_SCE_IRQHandler                      0x0800685b   Thumb Code     0  startup_stm32f10x_hd.o(.text)
    DMA1_Channel1_IRQHandler                 0x0800685b   Thumb Code     0  startup_stm32f10x_hd.o(.text)
    DMA1_Channel2_IRQHandler                 0x0800685b   Thumb Code     0  startup_stm32f10x_hd.o(.text)
    DMA1_Channel3_IRQHandler                 0x0800685b   Thumb Code     0  startup_stm32f10x_hd.o(.text)
    DMA1_Channel4_IRQHandler                 0x0800685b   Thumb Code     0  startup_stm32f10x_hd.o(.text)
    DMA1_Channel5_IRQHandler                 0x0800685b   Thumb Code     0  startup_stm32f10x_hd.o(.text)
    DMA1_Channel6_IRQHandler                 0x0800685b   Thumb Code     0  startup_stm32f10x_hd.o(.text)
    DMA1_Channel7_IRQHandler                 0x0800685b   Thumb Code     0  startup_stm32f10x_hd.o(.text)
    DMA2_Channel1_IRQHandler                 0x0800685b   Thumb Code     0  startup_stm32f10x_hd.o(.text)
    DMA2_Channel2_IRQHandler                 0x0800685b   Thumb Code     0  startup_stm32f10x_hd.o(.text)
    DMA2_Channel3_IRQHandler                 0x0800685b   Thumb Code     0  startup_stm32f10x_hd.o(.text)
    DMA2_Channel4_5_IRQHandler               0x0800685b   Thumb Code     0  startup_stm32f10x_hd.o(.text)
    EXTI0_IRQHandler                         0x0800685b   Thumb Code     0  startup_stm32f10x_hd.o(.text)
    EXTI15_10_IRQHandler                     0x0800685b   Thumb Code     0  startup_stm32f10x_hd.o(.text)
    EXTI1_IRQHandler                         0x0800685b   Thumb Code     0  startup_stm32f10x_hd.o(.text)
    EXTI2_IRQHandler                         0x0800685b   Thumb Code     0  startup_stm32f10x_hd.o(.text)
    EXTI3_IRQHandler                         0x0800685b   Thumb Code     0  startup_stm32f10x_hd.o(.text)
    EXTI4_IRQHandler                         0x0800685b   Thumb Code     0  startup_stm32f10x_hd.o(.text)
    FLASH_IRQHandler                         0x0800685b   Thumb Code     0  startup_stm32f10x_hd.o(.text)
    FSMC_IRQHandler                          0x0800685b   Thumb Code     0  startup_stm32f10x_hd.o(.text)
    I2C1_ER_IRQHandler                       0x0800685b   Thumb Code     0  startup_stm32f10x_hd.o(.text)
    I2C1_EV_IRQHandler                       0x0800685b   Thumb Code     0  startup_stm32f10x_hd.o(.text)
    I2C2_ER_IRQHandler                       0x0800685b   Thumb Code     0  startup_stm32f10x_hd.o(.text)
    I2C2_EV_IRQHandler                       0x0800685b   Thumb Code     0  startup_stm32f10x_hd.o(.text)
    PVD_IRQHandler                           0x0800685b   Thumb Code     0  startup_stm32f10x_hd.o(.text)
    RCC_IRQHandler                           0x0800685b   Thumb Code     0  startup_stm32f10x_hd.o(.text)
    RTCAlarm_IRQHandler                      0x0800685b   Thumb Code     0  startup_stm32f10x_hd.o(.text)
    RTC_IRQHandler                           0x0800685b   Thumb Code     0  startup_stm32f10x_hd.o(.text)
    SDIO_IRQHandler                          0x0800685b   Thumb Code     0  startup_stm32f10x_hd.o(.text)
    SPI1_IRQHandler                          0x0800685b   Thumb Code     0  startup_stm32f10x_hd.o(.text)
    SPI2_IRQHandler                          0x0800685b   Thumb Code     0  startup_stm32f10x_hd.o(.text)
    SPI3_IRQHandler                          0x0800685b   Thumb Code     0  startup_stm32f10x_hd.o(.text)
    TAMPER_IRQHandler                        0x0800685b   Thumb Code     0  startup_stm32f10x_hd.o(.text)
    TIM1_BRK_IRQHandler                      0x0800685b   Thumb Code     0  startup_stm32f10x_hd.o(.text)
    TIM1_CC_IRQHandler                       0x0800685b   Thumb Code     0  startup_stm32f10x_hd.o(.text)
    TIM1_TRG_COM_IRQHandler                  0x0800685b   Thumb Code     0  startup_stm32f10x_hd.o(.text)
    TIM1_UP_IRQHandler                       0x0800685b   Thumb Code     0  startup_stm32f10x_hd.o(.text)
    TIM5_IRQHandler                          0x0800685b   Thumb Code     0  startup_stm32f10x_hd.o(.text)
    TIM6_IRQHandler                          0x0800685b   Thumb Code     0  startup_stm32f10x_hd.o(.text)
    TIM7_IRQHandler                          0x0800685b   Thumb Code     0  startup_stm32f10x_hd.o(.text)
    TIM8_BRK_IRQHandler                      0x0800685b   Thumb Code     0  startup_stm32f10x_hd.o(.text)
    TIM8_CC_IRQHandler                       0x0800685b   Thumb Code     0  startup_stm32f10x_hd.o(.text)
    TIM8_TRG_COM_IRQHandler                  0x0800685b   Thumb Code     0  startup_stm32f10x_hd.o(.text)
    TIM8_UP_IRQHandler                       0x0800685b   Thumb Code     0  startup_stm32f10x_hd.o(.text)
    UART4_IRQHandler                         0x0800685b   Thumb Code     0  startup_stm32f10x_hd.o(.text)
    UART5_IRQHandler                         0x0800685b   Thumb Code     0  startup_stm32f10x_hd.o(.text)
    USART3_IRQHandler                        0x0800685b   Thumb Code     0  startup_stm32f10x_hd.o(.text)
    USBWakeUp_IRQHandler                     0x0800685b   Thumb Code     0  startup_stm32f10x_hd.o(.text)
    USB_HP_CAN1_TX_IRQHandler                0x0800685b   Thumb Code     0  startup_stm32f10x_hd.o(.text)
    USB_LP_CAN1_RX0_IRQHandler               0x0800685b   Thumb Code     0  startup_stm32f10x_hd.o(.text)
    __user_initial_stackheap                 0x0800685d   Thumb Code     0  startup_stm32f10x_hd.o(.text)
    NVIC_PriorityGroupConfig                 0x08006881   Thumb Code    10  misc.o(.text)
    NVIC_Init                                0x0800688b   Thumb Code   100  misc.o(.text)
    NVIC_SetVectorTable                      0x080068ef   Thumb Code    14  misc.o(.text)
    NVIC_SystemLPConfig                      0x080068fd   Thumb Code    34  misc.o(.text)
    SysTick_CLKSourceConfig                  0x0800691f   Thumb Code    40  misc.o(.text)
    GPIO_DeInit                              0x0800695d   Thumb Code   172  stm32f10x_gpio.o(.text)
    GPIO_AFIODeInit                          0x08006a09   Thumb Code    20  stm32f10x_gpio.o(.text)
    GPIO_Init                                0x08006a1d   Thumb Code   278  stm32f10x_gpio.o(.text)
    GPIO_StructInit                          0x08006b33   Thumb Code    16  stm32f10x_gpio.o(.text)
    GPIO_ReadInputDataBit                    0x08006b43   Thumb Code    18  stm32f10x_gpio.o(.text)
    GPIO_ReadInputData                       0x08006b55   Thumb Code     8  stm32f10x_gpio.o(.text)
    GPIO_ReadOutputDataBit                   0x08006b5d   Thumb Code    18  stm32f10x_gpio.o(.text)
    GPIO_ReadOutputData                      0x08006b6f   Thumb Code     8  stm32f10x_gpio.o(.text)
    GPIO_SetBits                             0x08006b77   Thumb Code     4  stm32f10x_gpio.o(.text)
    GPIO_ResetBits                           0x08006b7b   Thumb Code     4  stm32f10x_gpio.o(.text)
    GPIO_WriteBit                            0x08006b7f   Thumb Code    10  stm32f10x_gpio.o(.text)
    GPIO_Write                               0x08006b89   Thumb Code     4  stm32f10x_gpio.o(.text)
    GPIO_PinLockConfig                       0x08006b8d   Thumb Code    18  stm32f10x_gpio.o(.text)
    GPIO_EventOutputConfig                   0x08006b9f   Thumb Code    26  stm32f10x_gpio.o(.text)
    GPIO_EventOutputCmd                      0x08006bb9   Thumb Code     6  stm32f10x_gpio.o(.text)
    GPIO_PinRemapConfig                      0x08006bbf   Thumb Code   138  stm32f10x_gpio.o(.text)
    GPIO_EXTILineConfig                      0x08006c49   Thumb Code    66  stm32f10x_gpio.o(.text)
    GPIO_ETH_MediaInterfaceConfig            0x08006c8b   Thumb Code     8  stm32f10x_gpio.o(.text)
    RCC_DeInit                               0x08006cb9   Thumb Code    64  stm32f10x_rcc.o(.text)
    RCC_HSEConfig                            0x08006cf9   Thumb Code    70  stm32f10x_rcc.o(.text)
    RCC_GetFlagStatus                        0x08006d3f   Thumb Code    56  stm32f10x_rcc.o(.text)
    RCC_WaitForHSEStartUp                    0x08006d77   Thumb Code    56  stm32f10x_rcc.o(.text)
    RCC_AdjustHSICalibrationValue            0x08006daf   Thumb Code    20  stm32f10x_rcc.o(.text)
    RCC_HSICmd                               0x08006dc3   Thumb Code     6  stm32f10x_rcc.o(.text)
    RCC_PLLConfig                            0x08006dc9   Thumb Code    24  stm32f10x_rcc.o(.text)
    RCC_PLLCmd                               0x08006de1   Thumb Code     6  stm32f10x_rcc.o(.text)
    RCC_SYSCLKConfig                         0x08006de7   Thumb Code    18  stm32f10x_rcc.o(.text)
    RCC_GetSYSCLKSource                      0x08006df9   Thumb Code    10  stm32f10x_rcc.o(.text)
    RCC_HCLKConfig                           0x08006e03   Thumb Code    18  stm32f10x_rcc.o(.text)
    RCC_PCLK1Config                          0x08006e15   Thumb Code    18  stm32f10x_rcc.o(.text)
    RCC_PCLK2Config                          0x08006e27   Thumb Code    20  stm32f10x_rcc.o(.text)
    RCC_ITConfig                             0x08006e3b   Thumb Code    26  stm32f10x_rcc.o(.text)
    RCC_USBCLKConfig                         0x08006e55   Thumb Code     8  stm32f10x_rcc.o(.text)
    RCC_ADCCLKConfig                         0x08006e5d   Thumb Code    18  stm32f10x_rcc.o(.text)
    RCC_LSEConfig                            0x08006e6f   Thumb Code    50  stm32f10x_rcc.o(.text)
    RCC_LSICmd                               0x08006ea1   Thumb Code     6  stm32f10x_rcc.o(.text)
    RCC_RTCCLKConfig                         0x08006ea7   Thumb Code    12  stm32f10x_rcc.o(.text)
    RCC_RTCCLKCmd                            0x08006eb3   Thumb Code     8  stm32f10x_rcc.o(.text)
    RCC_GetClocksFreq                        0x08006ebb   Thumb Code   192  stm32f10x_rcc.o(.text)
    RCC_AHBPeriphClockCmd                    0x08006f7b   Thumb Code    26  stm32f10x_rcc.o(.text)
    RCC_APB2PeriphClockCmd                   0x08006f95   Thumb Code    26  stm32f10x_rcc.o(.text)
    RCC_APB1PeriphClockCmd                   0x08006faf   Thumb Code    26  stm32f10x_rcc.o(.text)
    RCC_APB2PeriphResetCmd                   0x08006fc9   Thumb Code    26  stm32f10x_rcc.o(.text)
    RCC_APB1PeriphResetCmd                   0x08006fe3   Thumb Code    26  stm32f10x_rcc.o(.text)
    RCC_BackupResetCmd                       0x08006ffd   Thumb Code     8  stm32f10x_rcc.o(.text)
    RCC_ClockSecuritySystemCmd               0x08007005   Thumb Code     6  stm32f10x_rcc.o(.text)
    RCC_MCOConfig                            0x0800700b   Thumb Code     6  stm32f10x_rcc.o(.text)
    RCC_ClearFlag                            0x08007011   Thumb Code    14  stm32f10x_rcc.o(.text)
    RCC_GetITStatus                          0x0800701f   Thumb Code    20  stm32f10x_rcc.o(.text)
    RCC_ClearITPendingBit                    0x08007033   Thumb Code     6  stm32f10x_rcc.o(.text)
    USART_DeInit                             0x0800705d   Thumb Code   134  stm32f10x_usart.o(.text)
    USART_Init                               0x080070e3   Thumb Code   210  stm32f10x_usart.o(.text)
    USART_StructInit                         0x080071b5   Thumb Code    24  stm32f10x_usart.o(.text)
    USART_ClockInit                          0x080071cd   Thumb Code    34  stm32f10x_usart.o(.text)
    USART_ClockStructInit                    0x080071ef   Thumb Code    12  stm32f10x_usart.o(.text)
    USART_Cmd                                0x080071fb   Thumb Code    24  stm32f10x_usart.o(.text)
    USART_ITConfig                           0x08007213   Thumb Code    74  stm32f10x_usart.o(.text)
    USART_DMACmd                             0x0800725d   Thumb Code    18  stm32f10x_usart.o(.text)
    USART_SetAddress                         0x0800726f   Thumb Code    18  stm32f10x_usart.o(.text)
    USART_WakeUpConfig                       0x08007281   Thumb Code    18  stm32f10x_usart.o(.text)
    USART_ReceiverWakeUpCmd                  0x08007293   Thumb Code    24  stm32f10x_usart.o(.text)
    USART_LINBreakDetectLengthConfig         0x080072ab   Thumb Code    18  stm32f10x_usart.o(.text)
    USART_LINCmd                             0x080072bd   Thumb Code    24  stm32f10x_usart.o(.text)
    USART_SendData                           0x080072d5   Thumb Code     8  stm32f10x_usart.o(.text)
    USART_ReceiveData                        0x080072dd   Thumb Code    10  stm32f10x_usart.o(.text)
    USART_SendBreak                          0x080072e7   Thumb Code    10  stm32f10x_usart.o(.text)
    USART_SetGuardTime                       0x080072f1   Thumb Code    16  stm32f10x_usart.o(.text)
    USART_SetPrescaler                       0x08007301   Thumb Code    16  stm32f10x_usart.o(.text)
    USART_SmartCardCmd                       0x08007311   Thumb Code    24  stm32f10x_usart.o(.text)
    USART_SmartCardNACKCmd                   0x08007329   Thumb Code    24  stm32f10x_usart.o(.text)
    USART_HalfDuplexCmd                      0x08007341   Thumb Code    24  stm32f10x_usart.o(.text)
    USART_OverSampling8Cmd                   0x08007359   Thumb Code    22  stm32f10x_usart.o(.text)
    USART_OneBitMethodCmd                    0x0800736f   Thumb Code    24  stm32f10x_usart.o(.text)
    USART_IrDAConfig                         0x08007387   Thumb Code    18  stm32f10x_usart.o(.text)
    USART_IrDACmd                            0x08007399   Thumb Code    24  stm32f10x_usart.o(.text)
    USART_GetFlagStatus                      0x080073b1   Thumb Code    26  stm32f10x_usart.o(.text)
    USART_ClearFlag                          0x080073cb   Thumb Code    18  stm32f10x_usart.o(.text)
    USART_GetITStatus                        0x080073dd   Thumb Code    84  stm32f10x_usart.o(.text)
    USART_ClearITPendingBit                  0x08007431   Thumb Code    52  stm32f10x_usart.o(.text)
    SPI_I2S_DeInit                           0x08007465   Thumb Code    76  stm32f10x_spi.o(.text)
    SPI_Init                                 0x080074b1   Thumb Code    60  stm32f10x_spi.o(.text)
    I2S_Init                                 0x080074ed   Thumb Code   226  stm32f10x_spi.o(.text)
    SPI_StructInit                           0x080075cf   Thumb Code    24  stm32f10x_spi.o(.text)
    I2S_StructInit                           0x080075e7   Thumb Code    20  stm32f10x_spi.o(.text)
    SPI_Cmd                                  0x080075fb   Thumb Code    24  stm32f10x_spi.o(.text)
    I2S_Cmd                                  0x08007613   Thumb Code    24  stm32f10x_spi.o(.text)
    SPI_I2S_ITConfig                         0x0800762b   Thumb Code    32  stm32f10x_spi.o(.text)
    SPI_I2S_DMACmd                           0x0800764b   Thumb Code    18  stm32f10x_spi.o(.text)
    SPI_I2S_SendData                         0x0800765d   Thumb Code     4  stm32f10x_spi.o(.text)
    SPI_I2S_ReceiveData                      0x08007661   Thumb Code     6  stm32f10x_spi.o(.text)
    SPI_NSSInternalSoftwareConfig            0x08007667   Thumb Code    30  stm32f10x_spi.o(.text)
    SPI_SSOutputCmd                          0x08007685   Thumb Code    24  stm32f10x_spi.o(.text)
    SPI_DataSizeConfig                       0x0800769d   Thumb Code    18  stm32f10x_spi.o(.text)
    SPI_TransmitCRC                          0x080076af   Thumb Code    10  stm32f10x_spi.o(.text)
    SPI_CalculateCRC                         0x080076b9   Thumb Code    24  stm32f10x_spi.o(.text)
    SPI_GetCRC                               0x080076d1   Thumb Code    16  stm32f10x_spi.o(.text)
    SPI_GetCRCPolynomial                     0x080076e1   Thumb Code     6  stm32f10x_spi.o(.text)
    SPI_BiDirectionalLineConfig              0x080076e7   Thumb Code    28  stm32f10x_spi.o(.text)
    SPI_I2S_GetFlagStatus                    0x08007703   Thumb Code    18  stm32f10x_spi.o(.text)
    SPI_I2S_ClearFlag                        0x08007715   Thumb Code     6  stm32f10x_spi.o(.text)
    SPI_I2S_GetITStatus                      0x0800771b   Thumb Code    52  stm32f10x_spi.o(.text)
    SPI_I2S_ClearITPendingBit                0x0800774f   Thumb Code    20  stm32f10x_spi.o(.text)
    TIM_DeInit                               0x08007771   Thumb Code   424  stm32f10x_tim.o(.text)
    TIM_TimeBaseInit                         0x08007919   Thumb Code   122  stm32f10x_tim.o(.text)
    TIM_OC1Init                              0x08007993   Thumb Code   132  stm32f10x_tim.o(.text)
    TIM_OC2Init                              0x08007a17   Thumb Code   154  stm32f10x_tim.o(.text)
    TIM_OC3Init                              0x08007ab1   Thumb Code   150  stm32f10x_tim.o(.text)
    TIM_OC4Init                              0x08007b47   Thumb Code   182  stm32f10x_tim.o(.text)
    TIM_SetIC4Prescaler                      0x08007bfd   Thumb Code    26  stm32f10x_tim.o(.text)
    TIM_SetIC3Prescaler                      0x08007c99   Thumb Code    18  stm32f10x_tim.o(.text)
    TIM_SetIC2Prescaler                      0x08007d25   Thumb Code    26  stm32f10x_tim.o(.text)
    TIM_SetIC1Prescaler                      0x08007dc1   Thumb Code    18  stm32f10x_tim.o(.text)
    TIM_ICInit                               0x08007e3f   Thumb Code   150  stm32f10x_tim.o(.text)
    TIM_PWMIConfig                           0x08007ed5   Thumb Code   124  stm32f10x_tim.o(.text)
    TIM_BDTRConfig                           0x08007f51   Thumb Code    32  stm32f10x_tim.o(.text)
    TIM_TimeBaseStructInit                   0x08007f71   Thumb Code    18  stm32f10x_tim.o(.text)
    TIM_OCStructInit                         0x08007f83   Thumb Code    20  stm32f10x_tim.o(.text)
    TIM_ICStructInit                         0x08007f97   Thumb Code    18  stm32f10x_tim.o(.text)
    TIM_BDTRStructInit                       0x08007fa9   Thumb Code    40  stm32f10x_tim.o(.text)
    TIM_Cmd                                  0x08007fd1   Thumb Code    24  stm32f10x_tim.o(.text)
    TIM_CtrlPWMOutputs                       0x08007fe9   Thumb Code    30  stm32f10x_tim.o(.text)
    TIM_ITConfig                             0x08008007   Thumb Code    18  stm32f10x_tim.o(.text)
    TIM_GenerateEvent                        0x08008019   Thumb Code     4  stm32f10x_tim.o(.text)
    TIM_DMAConfig                            0x0800801d   Thumb Code    10  stm32f10x_tim.o(.text)
    TIM_DMACmd                               0x08008027   Thumb Code    18  stm32f10x_tim.o(.text)
    TIM_InternalClockConfig                  0x08008039   Thumb Code    12  stm32f10x_tim.o(.text)
    TIM_SelectInputTrigger                   0x08008045   Thumb Code    18  stm32f10x_tim.o(.text)
    TIM_ITRxExternalClockConfig              0x08008057   Thumb Code    24  stm32f10x_tim.o(.text)
    TIM_TIxExternalClockConfig               0x0800806f   Thumb Code    62  stm32f10x_tim.o(.text)
    TIM_ETRConfig                            0x080080ad   Thumb Code    28  stm32f10x_tim.o(.text)
    TIM_ETRClockMode1Config                  0x080080c9   Thumb Code    54  stm32f10x_tim.o(.text)
    TIM_ETRClockMode2Config                  0x080080ff   Thumb Code    32  stm32f10x_tim.o(.text)
    TIM_PrescalerConfig                      0x0800811f   Thumb Code     6  stm32f10x_tim.o(.text)
    TIM_CounterModeConfig                    0x08008125   Thumb Code    18  stm32f10x_tim.o(.text)
    TIM_EncoderInterfaceConfig               0x08008137   Thumb Code    66  stm32f10x_tim.o(.text)
    TIM_ForcedOC1Config                      0x08008179   Thumb Code    18  stm32f10x_tim.o(.text)
    TIM_ForcedOC2Config                      0x0800818b   Thumb Code    26  stm32f10x_tim.o(.text)
    TIM_ForcedOC3Config                      0x080081a5   Thumb Code    18  stm32f10x_tim.o(.text)
    TIM_ForcedOC4Config                      0x080081b7   Thumb Code    26  stm32f10x_tim.o(.text)
    TIM_ARRPreloadConfig                     0x080081d1   Thumb Code    24  stm32f10x_tim.o(.text)
    TIM_SelectCOM                            0x080081e9   Thumb Code    24  stm32f10x_tim.o(.text)
    TIM_SelectCCDMA                          0x08008201   Thumb Code    24  stm32f10x_tim.o(.text)
    TIM_CCPreloadControl                     0x08008219   Thumb Code    24  stm32f10x_tim.o(.text)
    TIM_OC1PreloadConfig                     0x08008231   Thumb Code    18  stm32f10x_tim.o(.text)
    TIM_OC2PreloadConfig                     0x08008243   Thumb Code    26  stm32f10x_tim.o(.text)
    TIM_OC3PreloadConfig                     0x0800825d   Thumb Code    18  stm32f10x_tim.o(.text)
    TIM_OC4PreloadConfig                     0x0800826f   Thumb Code    26  stm32f10x_tim.o(.text)
    TIM_OC1FastConfig                        0x08008289   Thumb Code    18  stm32f10x_tim.o(.text)
    TIM_OC2FastConfig                        0x0800829b   Thumb Code    26  stm32f10x_tim.o(.text)
    TIM_OC3FastConfig                        0x080082b5   Thumb Code    18  stm32f10x_tim.o(.text)
    TIM_OC4FastConfig                        0x080082c7   Thumb Code    26  stm32f10x_tim.o(.text)
    TIM_ClearOC1Ref                          0x080082e1   Thumb Code    18  stm32f10x_tim.o(.text)
    TIM_ClearOC2Ref                          0x080082f3   Thumb Code    24  stm32f10x_tim.o(.text)
    TIM_ClearOC3Ref                          0x0800830b   Thumb Code    18  stm32f10x_tim.o(.text)
    TIM_ClearOC4Ref                          0x0800831d   Thumb Code    24  stm32f10x_tim.o(.text)
    TIM_OC1PolarityConfig                    0x08008335   Thumb Code    18  stm32f10x_tim.o(.text)
    TIM_OC1NPolarityConfig                   0x08008347   Thumb Code    18  stm32f10x_tim.o(.text)
    TIM_OC2PolarityConfig                    0x08008359   Thumb Code    26  stm32f10x_tim.o(.text)
    TIM_OC2NPolarityConfig                   0x08008373   Thumb Code    26  stm32f10x_tim.o(.text)
    TIM_OC3PolarityConfig                    0x0800838d   Thumb Code    26  stm32f10x_tim.o(.text)
    TIM_OC3NPolarityConfig                   0x080083a7   Thumb Code    26  stm32f10x_tim.o(.text)
    TIM_OC4PolarityConfig                    0x080083c1   Thumb Code    26  stm32f10x_tim.o(.text)
    TIM_CCxCmd                               0x080083db   Thumb Code    30  stm32f10x_tim.o(.text)
    TIM_CCxNCmd                              0x080083f9   Thumb Code    30  stm32f10x_tim.o(.text)
    TIM_SelectOCxM                           0x08008417   Thumb Code    82  stm32f10x_tim.o(.text)
    TIM_UpdateDisableConfig                  0x08008469   Thumb Code    24  stm32f10x_tim.o(.text)
    TIM_UpdateRequestConfig                  0x08008481   Thumb Code    24  stm32f10x_tim.o(.text)
    TIM_SelectHallSensor                     0x08008499   Thumb Code    24  stm32f10x_tim.o(.text)
    TIM_SelectOnePulseMode                   0x080084b1   Thumb Code    18  stm32f10x_tim.o(.text)
    TIM_SelectOutputTrigger                  0x080084c3   Thumb Code    18  stm32f10x_tim.o(.text)
    TIM_SelectSlaveMode                      0x080084d5   Thumb Code    18  stm32f10x_tim.o(.text)
    TIM_SelectMasterSlaveMode                0x080084e7   Thumb Code    18  stm32f10x_tim.o(.text)
    TIM_SetCounter                           0x080084f9   Thumb Code     4  stm32f10x_tim.o(.text)
    TIM_SetAutoreload                        0x080084fd   Thumb Code     4  stm32f10x_tim.o(.text)
    TIM_SetCompare1                          0x08008501   Thumb Code     4  stm32f10x_tim.o(.text)
    TIM_SetCompare2                          0x08008505   Thumb Code     4  stm32f10x_tim.o(.text)
    TIM_SetCompare3                          0x08008509   Thumb Code     4  stm32f10x_tim.o(.text)
    TIM_SetCompare4                          0x0800850d   Thumb Code     6  stm32f10x_tim.o(.text)
    TIM_SetClockDivision                     0x08008513   Thumb Code    18  stm32f10x_tim.o(.text)
    TIM_GetCapture1                          0x08008525   Thumb Code     6  stm32f10x_tim.o(.text)
    TIM_GetCapture2                          0x0800852b   Thumb Code     6  stm32f10x_tim.o(.text)
    TIM_GetCapture3                          0x08008531   Thumb Code     6  stm32f10x_tim.o(.text)
    TIM_GetCapture4                          0x08008537   Thumb Code     8  stm32f10x_tim.o(.text)
    TIM_GetCounter                           0x0800853f   Thumb Code     6  stm32f10x_tim.o(.text)
    TIM_GetPrescaler                         0x08008545   Thumb Code     6  stm32f10x_tim.o(.text)
    TIM_GetFlagStatus                        0x0800854b   Thumb Code    18  stm32f10x_tim.o(.text)
    TIM_ClearFlag                            0x0800855d   Thumb Code     6  stm32f10x_tim.o(.text)
    TIM_GetITStatus                          0x08008563   Thumb Code    34  stm32f10x_tim.o(.text)
    TIM_ClearITPendingBit                    0x08008585   Thumb Code     6  stm32f10x_tim.o(.text)
    EXTI_DeInit                              0x0800858d   Thumb Code    28  stm32f10x_exti.o(.text)
    EXTI_Init                                0x080085a9   Thumb Code   142  stm32f10x_exti.o(.text)
    EXTI_StructInit                          0x08008637   Thumb Code    16  stm32f10x_exti.o(.text)
    EXTI_GenerateSWInterrupt                 0x08008647   Thumb Code    16  stm32f10x_exti.o(.text)
    EXTI_GetFlagStatus                       0x08008657   Thumb Code    22  stm32f10x_exti.o(.text)
    EXTI_ClearFlag                           0x0800866d   Thumb Code     8  stm32f10x_exti.o(.text)
    EXTI_GetITStatus                         0x08008675   Thumb Code    34  stm32f10x_exti.o(.text)
    EXTI_ClearITPendingBit                   0x08008697   Thumb Code     8  stm32f10x_exti.o(.text)
    WWDG_DeInit                              0x080086a9   Thumb Code    22  stm32f10x_wwdg.o(.text)
    WWDG_SetPrescaler                        0x080086bf   Thumb Code    18  stm32f10x_wwdg.o(.text)
    WWDG_SetWindowValue                      0x080086d1   Thumb Code    34  stm32f10x_wwdg.o(.text)
    WWDG_EnableIT                            0x080086f3   Thumb Code     8  stm32f10x_wwdg.o(.text)
    WWDG_SetCounter                          0x080086fb   Thumb Code    12  stm32f10x_wwdg.o(.text)
    WWDG_Enable                              0x08008707   Thumb Code    12  stm32f10x_wwdg.o(.text)
    WWDG_GetFlagStatus                       0x08008713   Thumb Code    10  stm32f10x_wwdg.o(.text)
    WWDG_ClearFlag                           0x0800871d   Thumb Code    10  stm32f10x_wwdg.o(.text)
    IWDG_WriteAccessCmd                      0x08008731   Thumb Code     6  stm32f10x_iwdg.o(.text)
    IWDG_SetPrescaler                        0x08008737   Thumb Code     6  stm32f10x_iwdg.o(.text)
    IWDG_SetReload                           0x0800873d   Thumb Code     6  stm32f10x_iwdg.o(.text)
    IWDG_ReloadCounter                       0x08008743   Thumb Code    10  stm32f10x_iwdg.o(.text)
    IWDG_Enable                              0x0800874d   Thumb Code    10  stm32f10x_iwdg.o(.text)
    IWDG_GetFlagStatus                       0x08008757   Thumb Code    20  stm32f10x_iwdg.o(.text)
    __use_no_semihosting                     0x08008771   Thumb Code     2  use_no_semi_2.o(.text)
    __2printf                                0x08008775   Thumb Code    20  noretval__2printf.o(.text)
    __2sprintf                               0x0800878d   Thumb Code    34  noretval__2sprintf.o(.text)
    _printf_int_dec                          0x080087b5   Thumb Code   104  _printf_dec.o(.text)
    _printf_int_hex                          0x0800882d   Thumb Code    84  _printf_hex_int.o(.text)
    _printf_longlong_hex                     0x0800882d   Thumb Code     0  _printf_hex_int.o(.text)
    __printf                                 0x08008885   Thumb Code   352  __printf_ss_wp.o(.text)
    __0sscanf                                0x080089e5   Thumb Code    52  __0sscanf.o(.text)
    _scanf_int                               0x08008a21   Thumb Code   332  _scanf_int.o(.text)
    memcmp                                   0x08008b6d   Thumb Code    88  memcmp.o(.text)
    __aeabi_memcpy                           0x08008bc5   Thumb Code     0  rt_memcpy_v6.o(.text)
    __rt_memcpy                              0x08008bc5   Thumb Code   138  rt_memcpy_v6.o(.text)
    _memcpy_lastbytes                        0x08008c2b   Thumb Code     0  rt_memcpy_v6.o(.text)
    __aeabi_memclr                           0x08008c4f   Thumb Code     0  rt_memclr.o(.text)
    __rt_memclr                              0x08008c4f   Thumb Code    68  rt_memclr.o(.text)
    _memset                                  0x08008c53   Thumb Code     0  rt_memclr.o(.text)
    __aeabi_memclr4                          0x08008c93   Thumb Code     0  rt_memclr_w.o(.text)
    __aeabi_memclr8                          0x08008c93   Thumb Code     0  rt_memclr_w.o(.text)
    __rt_memclr_w                            0x08008c93   Thumb Code    78  rt_memclr_w.o(.text)
    _memset_w                                0x08008c97   Thumb Code     0  rt_memclr_w.o(.text)
    __use_two_region_memory                  0x08008ce1   Thumb Code     2  heapauxi.o(.text)
    __rt_heap_escrow$2region                 0x08008ce3   Thumb Code     2  heapauxi.o(.text)
    __rt_heap_expand$2region                 0x08008ce5   Thumb Code     2  heapauxi.o(.text)
    __I$use$semihosting                      0x08008ce7   Thumb Code     0  use_no_semi.o(.text)
    __use_no_semihosting_swi                 0x08008ce7   Thumb Code     2  use_no_semi.o(.text)
    _printf_int_common                       0x08008ce9   Thumb Code   178  _printf_intcommon.o(.text)
    __lib_sel_fp_printf                      0x08008d9b   Thumb Code     2  _printf_fp_dec.o(.text)
    _printf_fp_dec_real                      0x08008f49   Thumb Code   620  _printf_fp_dec.o(.text)
    _printf_char_common                      0x080091bf   Thumb Code    32  _printf_char_common.o(.text)
    _sputc                                   0x080091e5   Thumb Code    10  _sputc.o(.text)
    _printf_char_file                        0x080091f1   Thumb Code    32  _printf_char_file.o(.text)
    _chval                                   0x08009215   Thumb Code    28  _chval.o(.text)
    __vfscanf_char                           0x0800923d   Thumb Code    24  scanf_char.o(.text)
    _sgetc                                   0x0800925d   Thumb Code    30  _sgetc.o(.text)
    _sbackspace                              0x0800927b   Thumb Code    34  _sgetc.o(.text)
    __aeabi_memcpy4                          0x0800929d   Thumb Code     0  rt_memcpy_w.o(.text)
    __aeabi_memcpy8                          0x0800929d   Thumb Code     0  rt_memcpy_w.o(.text)
    __rt_memcpy_w                            0x0800929d   Thumb Code   100  rt_memcpy_w.o(.text)
    _memcpy_lastbytes_aligned                0x080092e5   Thumb Code     0  rt_memcpy_w.o(.text)
    __rt_locale                              0x08009301   Thumb Code     8  rt_locale_intlibspace.o(.text)
    _ll_udiv10                               0x08009309   Thumb Code   138  lludiv10.o(.text)
    isspace                                  0x08009393   Thumb Code    18  isspace.o(.text)
    _printf_fp_infnan                        0x080093a5   Thumb Code   112  _printf_fp_infnan.o(.text)
    __vfscanf                                0x08009425   Thumb Code   878  _scanf.o(.text)
    _btod_etento                             0x08009799   Thumb Code   216  bigflt0.o(.text)
    ferror                                   0x08009875   Thumb Code     8  ferror.o(.text)
    __user_libspace                          0x0800987d   Thumb Code     8  libspace.o(.text)
    __user_perproc_libspace                  0x0800987d   Thumb Code     0  libspace.o(.text)
    __user_perthread_libspace                0x0800987d   Thumb Code     0  libspace.o(.text)
    __user_setup_stackheap                   0x08009885   Thumb Code    74  sys_stackheap_outer.o(.text)
    __rt_ctype_table                         0x080098d1   Thumb Code    16  rt_ctype_table.o(.text)
    exit                                     0x080098e1   Thumb Code    18  exit.o(.text)
    strcmp                                   0x080098f5   Thumb Code   128  strcmpv7m.o(.text)
    _btod_d2e                                0x08009975   Thumb Code    62  btod.o(CL$$btod_d2e)
    _d2e_denorm_low                          0x080099b3   Thumb Code    70  btod.o(CL$$btod_d2e_denorm_low)
    _d2e_norm_op1                            0x080099f9   Thumb Code    96  btod.o(CL$$btod_d2e_norm_op1)
    __btod_div_common                        0x08009a59   Thumb Code   696  btod.o(CL$$btod_div_common)
    _e2e                                     0x08009d91   Thumb Code   198  btod.o(CL$$btod_e2e)
    _btod_ediv                               0x08009e57   Thumb Code    40  btod.o(CL$$btod_ediv)
    _btod_emul                               0x08009e7f   Thumb Code    40  btod.o(CL$$btod_emul)
    __btod_mult_common                       0x08009ea7   Thumb Code   580  btod.o(CL$$btod_mult_common)
    __ARM_fpclassify                         0x0800a0eb   Thumb Code    40  fpclassify.o(i.__ARM_fpclassify)
    _is_digit                                0x0800a113   Thumb Code    14  __printf_wp.o(i._is_digit)
    _get_lc_numeric                          0x0800a121   Thumb Code    44  lc_numeric_c.o(locale$$code)
    _get_lc_ctype                            0x0800a14d   Thumb Code    44  lc_ctype_c.o(locale$$code)
    __fpl_dretinf                            0x0800a179   Thumb Code    12  dretinf.o(x$fpl$dretinf)
    __aeabi_f2d                              0x0800a185   Thumb Code     0  f2d.o(x$fpl$f2d)
    _f2d                                     0x0800a185   Thumb Code    86  f2d.o(x$fpl$f2d)
    __fpl_fnaninf                            0x0800a1db   Thumb Code   140  fnaninf.o(x$fpl$fnaninf)
    _printf_fp_dec                           0x0800a267   Thumb Code     4  printf1.o(x$fpl$printf1)
    __I$use$fp                               0x0800a26a   Number         0  usenofp.o(x$fpl$usenofp)
    Region$$Table$$Base                      0x0800a328   Number         0  anon$$obj.o(Region$$Table)
    Region$$Table$$Limit                     0x0800a348   Number         0  anon$$obj.o(Region$$Table)
    __ctype                                  0x0800a371   Data           0  lc_ctype_c.o(locale$$data)
    timer_tick_count                         0x20000000   Data           4  main.o(.data)
    SystemCoreClock                          0x20000004   Data           4  system_stm32f10x.o(.data)
    AHBPrescTable                            0x20000008   Data          16  system_stm32f10x.o(.data)
    Beeppwmval                               0x20000018   Data           2  beep.o(.data)
    stopscanFlag                             0x2000001c   Data           1  timer.o(.data)
    KeepScan_time                            0x20000020   Data           4  timer.o(.data)
    startscanFlag                            0x20000024   Data           1  timer.o(.data)
    KeepGate_time                            0x20000028   Data           4  timer.o(.data)
    stopalarmFlag                            0x2000002c   Data           1  timer.o(.data)
    ReaderTimedOut                           0x20000030   Data           4  uhf.o(.data)
    waiting_time1                            0x20000034   Data           4  uhf.o(.data)
    waiting_time2                            0x20000038   Data           4  uhf.o(.data)
    clean_time                               0x2000003c   Data           4  uhf.o(.data)
    save_time                                0x20000040   Data           4  uhf.o(.data)
    TestAntTimeOut                           0x20000044   Data           4  uhf.o(.data)
    iStatus                                  0x20000048   Data           1  uhf.o(.data)
    iVersion                                 0x20000049   Data           1  uhf.o(.data)
    alarmwork                                0x2000004a   Data           1  uhf.o(.data)
    k                                        0x2000004b   Data           1  uhf.o(.data)
    NetCmd                                   0x2000004c   Data           1  uhf.o(.data)
    SendEPC                                  0x2000004d   Data           1  uhf.o(.data)
    EPC_LEN                                  0x20000050   Data           4  uhf.o(.data)
    Start                                    0x20000054   Data           1  uhf.o(.data)
    touch                                    0x20000055   Data           1  uhf.o(.data)
    touch1                                   0x20000056   Data           1  uhf.o(.data)
    touch2                                   0x20000057   Data           1  uhf.o(.data)
    sInvertNum                               0x20000058   Data           1  uhf.o(.data)
    OutOfOrder                               0x20000059   Data          11  uhf.o(.data)
    AntNormal                                0x20000064   Data           5  uhf.o(.data)
    AntErr                                   0x20000069   Data           5  uhf.o(.data)
    sInNum                                   0x2000006e   Data           9  uhf.o(.data)
    sOutNum                                  0x20000077   Data           9  uhf.o(.data)
    NETSEND                                  0x20000080   Data           1  uhf.o(.data)
    Scanmode                                 0x20000081   Data           1  uhf.o(.data)
    PlusNum                                  0x20000082   Data           1  uhf.o(.data)
    UIDFlag                                  0x20000083   Data           1  uhf.o(.data)
    BookCounter                              0x20000084   Data           1  uhf.o(.data)
    EPCCounter                               0x20000085   Data           1  uhf.o(.data)
    SaveEPCFlag                              0x20000086   Data           1  uhf.o(.data)
    StartAlarmFlag                           0x20000087   Data           1  uhf.o(.data)
    KeepAlarm_time                           0x20000088   Data           4  uhf.o(.data)
    KeepGateLinkage_time                     0x2000008c   Data           4  uhf.o(.data)
    GateLinkage                              0x20000090   Data           1  uhf.o(.data)
    UHF                                      0x20000091   Data         471  uhf.o(.data)
    RecvSucceed                              0x20000268   Data           1  uhf.o(.data)
    adder                                    0x2000026c   Data           4  uhf.o(.data)
    UHFLen                                   0x20000270   Data           4  uhf.o(.data)
    W25QXX_TYPE                              0x20000274   Data           2  w25qxx.o(.data)
    Phy_Addr                                 0x20000278   Data           6  w5500.o(.data)
    IP_Addr                                  0x2000027e   Data           4  w5500.o(.data)
    Sub_Mask                                 0x20000282   Data           4  w5500.o(.data)
    Gateway_IP                               0x20000286   Data           4  w5500.o(.data)
    S0_Port                                  0x2000028a   Data           2  w5500.o(.data)
    S0_DIP                                   0x2000028c   Data           4  w5500.o(.data)
    S0_DPort                                 0x20000290   Data           2  w5500.o(.data)
    UDP_DIPR                                 0x20000292   Data           4  w5500.o(.data)
    UDP_DPORT                                0x20000296   Data           2  w5500.o(.data)
    S0_Mode                                  0x20000298   Data           1  w5500.o(.data)
    S1_Mode                                  0x20000299   Data           1  w5500.o(.data)
    S0_State                                 0x2000029a   Data           1  w5500.o(.data)
    S1_State                                 0x2000029b   Data           1  w5500.o(.data)
    S0_Data                                  0x2000029c   Data           1  w5500.o(.data)
    S1_Data                                  0x2000029d   Data           1  w5500.o(.data)
    W5500_Interrupt                          0x2000029e   Data           1  w5500.o(.data)
    Serial                                   0x2000029f   Data           1  w5500.o(.data)
    FrameLength                              0x200002a0   Data           1  w5500.o(.data)
    FrameCMD                                 0x200002a1   Data           1  w5500.o(.data)
    NetWait                                  0x200002a4   Data           4  w5500.o(.data)
    NetNotFound                              0x200002a8   Data           1  w5500.o(.data)
    NetHeartFlag                             0x200002a9   Data           1  w5500.o(.data)
    FBStand_Content                          0x200002aa   Data           1  w5500.o(.data)
    KeepBookName_time                        0x200002ac   Data           4  w5500.o(.data)
    BookNameKeep_flag                        0x200002b0   Data           1  w5500.o(.data)
    RecvFlag                                 0x200002bc   Data           1  hmi_user_uart.o(.data)
    RevcLen                                  0x200002bd   Data           2  hmi_user_uart.o(.data)
    Recvi                                    0x200002c0   Data           4  hmi_user_uart.o(.data)
    RevcLens                                 0x200002c4   Data           4  hmi_user_uart.o(.data)
    RxCounter                                0x200002c8   Data           4  hmi_user_uart.o(.data)
    ABORT_Succeed                            0x200002cc   Data           1  hmi_user_uart.o(.data)
    __stdout                                 0x200002d0   Data           4  hmi_user_uart.o(.data)
    value                                    0x200002d8   Data           4  screen.o(.data)
    pass                                     0x200002dc   Data           1  screen.o(.data)
    InNum                                    0x200002e0   Data           4  screen.o(.data)
    OutNum                                   0x200002e4   Data           4  screen.o(.data)
    PowerValue                               0x200002e8   Data           4  screen.o(.data)
    VolumeValue                              0x200002ec   Data           4  screen.o(.data)
    phone                                    0x200002f0   Data           1  screen.o(.data)
    Door_Modetemp                            0x200002f1   Data           2  screen.o(.data)
    sInvertNumtemp                           0x200002f3   Data           2  screen.o(.data)
    Scanmodetemp                             0x200002f5   Data           2  screen.o(.data)
    Door_ModetempW                           0x200002f7   Data           2  screen.o(.data)
    ServerPort                               0x200002fc   Data           4  screen.o(.data)
    DoorPort                                 0x20000300   Data           4  screen.o(.data)
    SetPassword                              0x20000304   Data           4  screen.o(.data)
    PasswordLen                              0x20000308   Data           1  screen.o(.data)
    Door_Mode                                0x20000309   Data           1  screen.o(.data)
    unEPCDat                                 0x20000324   Data          12  uhf.o(.bss)
    InventoryEPC                             0x20000330   Data         120  uhf.o(.bss)
    tempEPC                                  0x200003a8   Data         901  uhf.o(.bss)
    TotalEPC                                 0x2000072d   Data        5000  uhf.o(.bss)
    CompareEPC_T                             0x20001ab8   Data        1204  uhf.o(.bss)
    RecvBuf                                  0x20001f6c   Data         100  uhf.o(.bss)
    MidBuf                                   0x20001fd0   Data         100  uhf.o(.bss)
    TransBuf                                 0x20002034   Data         100  uhf.o(.bss)
    W25QXX_BUFFER                            0x20002098   Data        4096  w25qxx.o(.bss)
    S0_Rx_Buffer                             0x20003098   Data        2048  w5500.o(.bss)
    S0_Tx_Buffer                             0x20003898   Data        2048  w5500.o(.bss)
    S1_Rx_Buffer                             0x20004098   Data        2048  w5500.o(.bss)
    S1_Tx_Buffer                             0x20004898   Data        2048  w5500.o(.bss)
    USART_RX_BUF                             0x200050ec   Data        1024  hmi_user_uart.o(.bss)
    cmd_buffer                               0x200054ec   Data          20  screen.o(.bss)
    InNumtemp                                0x20005500   Data          10  screen.o(.bss)
    OutNumtemp                               0x2000550a   Data          10  screen.o(.bss)
    Powertemp                                0x20005514   Data          10  screen.o(.bss)
    Volumetemp                               0x2000551e   Data          10  screen.o(.bss)
    InNumtempW                               0x20005528   Data          10  screen.o(.bss)
    OutNumtempW                              0x20005532   Data          10  screen.o(.bss)
    PowertempW                               0x2000553c   Data          10  screen.o(.bss)
    VolumetempW                              0x20005546   Data          10  screen.o(.bss)
    IpAddTemp1                               0x20005550   Data          10  screen.o(.bss)
    SubnetMaskTemp1                          0x2000555a   Data          10  screen.o(.bss)
    GateWayTemp1                             0x20005564   Data          10  screen.o(.bss)
    ServerIpTemp1                            0x2000556e   Data          10  screen.o(.bss)
    ServerPortTemp                           0x20005578   Data          10  screen.o(.bss)
    MacAddTemp1                              0x20005582   Data          10  screen.o(.bss)
    DoorPortTemp                             0x2000558c   Data          10  screen.o(.bss)
    SetPasswordTemp                          0x20005596   Data          10  screen.o(.bss)
    __libspace_start                         0x200055a0   Data          96  libspace.o(.bss)
    __temporary_stack_top$libspace           0x20005600   Data           0  libspace.o(.bss)



==============================================================================

Memory Map of the image

  Image Entry point : 0x08000131

  Load Region LR_IROM1 (Base: 0x08000000, Size: 0x0000a798, Max: 0x00040000, ABSOLUTE, COMPRESSED[0x0000a5c4])

    Execution Region ER_IROM1 (Base: 0x08000000, Size: 0x0000a474, Max: 0x00040000, ABSOLUTE)

    Base Addr    Size         Type   Attr      Idx    E Section Name        Object

    0x08000000   0x00000130   Data   RO          523    RESET               startup_stm32f10x_hd.o
    0x08000130   0x00000008   Code   RO          725  * !!!main             c_w.l(__main.o)
    0x08000138   0x00000034   Code   RO          968    !!!scatter          c_w.l(__scatter.o)
    0x0800016c   0x0000005a   Code   RO          966    !!dczerorl2         c_w.l(__dczerorl2.o)
    0x080001c6   0x00000002   PAD
    0x080001c8   0x0000001c   Code   RO          970    !!handler_zi        c_w.l(__scatter_zi.o)
    0x080001e4   0x00000000   Code   RO          710    .ARM.Collect$$_printf_percent$$00000000  c_w.l(_printf_percent.o)
    0x080001e4   0x00000006   Code   RO          709    .ARM.Collect$$_printf_percent$$00000003  c_w.l(_printf_f.o)
    0x080001ea   0x00000006   Code   RO          708    .ARM.Collect$$_printf_percent$$00000009  c_w.l(_printf_d.o)
    0x080001f0   0x00000006   Code   RO          707    .ARM.Collect$$_printf_percent$$0000000C  c_w.l(_printf_x.o)
    0x080001f6   0x00000004   Code   RO          744    .ARM.Collect$$_printf_percent$$00000017  c_w.l(_printf_percent_end.o)
    0x080001fa   0x00000002   Code   RO          840    .ARM.Collect$$libinit$$00000000  c_w.l(libinit.o)
    0x080001fc   0x00000000   Code   RO          842    .ARM.Collect$$libinit$$00000002  c_w.l(libinit2.o)
    0x080001fc   0x00000000   Code   RO          844    .ARM.Collect$$libinit$$00000004  c_w.l(libinit2.o)
    0x080001fc   0x00000000   Code   RO          847    .ARM.Collect$$libinit$$0000000A  c_w.l(libinit2.o)
    0x080001fc   0x00000000   Code   RO          849    .ARM.Collect$$libinit$$0000000C  c_w.l(libinit2.o)
    0x080001fc   0x00000000   Code   RO          851    .ARM.Collect$$libinit$$0000000E  c_w.l(libinit2.o)
    0x080001fc   0x00000006   Code   RO          852    .ARM.Collect$$libinit$$0000000F  c_w.l(libinit2.o)
    0x08000202   0x00000000   Code   RO          854    .ARM.Collect$$libinit$$00000011  c_w.l(libinit2.o)
    0x08000202   0x0000000c   Code   RO          855    .ARM.Collect$$libinit$$00000012  c_w.l(libinit2.o)
    0x0800020e   0x00000000   Code   RO          856    .ARM.Collect$$libinit$$00000013  c_w.l(libinit2.o)
    0x0800020e   0x00000000   Code   RO          858    .ARM.Collect$$libinit$$00000015  c_w.l(libinit2.o)
    0x0800020e   0x0000000a   Code   RO          859    .ARM.Collect$$libinit$$00000016  c_w.l(libinit2.o)
    0x08000218   0x00000000   Code   RO          860    .ARM.Collect$$libinit$$00000017  c_w.l(libinit2.o)
    0x08000218   0x00000000   Code   RO          862    .ARM.Collect$$libinit$$00000019  c_w.l(libinit2.o)
    0x08000218   0x00000000   Code   RO          864    .ARM.Collect$$libinit$$0000001B  c_w.l(libinit2.o)
    0x08000218   0x00000000   Code   RO          866    .ARM.Collect$$libinit$$0000001D  c_w.l(libinit2.o)
    0x08000218   0x00000000   Code   RO          868    .ARM.Collect$$libinit$$0000001F  c_w.l(libinit2.o)
    0x08000218   0x00000000   Code   RO          870    .ARM.Collect$$libinit$$00000021  c_w.l(libinit2.o)
    0x08000218   0x00000000   Code   RO          872    .ARM.Collect$$libinit$$00000023  c_w.l(libinit2.o)
    0x08000218   0x00000000   Code   RO          874    .ARM.Collect$$libinit$$00000025  c_w.l(libinit2.o)
    0x08000218   0x00000000   Code   RO          878    .ARM.Collect$$libinit$$0000002C  c_w.l(libinit2.o)
    0x08000218   0x00000000   Code   RO          880    .ARM.Collect$$libinit$$0000002E  c_w.l(libinit2.o)
    0x08000218   0x00000000   Code   RO          882    .ARM.Collect$$libinit$$00000030  c_w.l(libinit2.o)
    0x08000218   0x00000000   Code   RO          884    .ARM.Collect$$libinit$$00000032  c_w.l(libinit2.o)
    0x08000218   0x00000002   Code   RO          885    .ARM.Collect$$libinit$$00000033  c_w.l(libinit2.o)
    0x0800021a   0x00000002   Code   RO          916    .ARM.Collect$$libshutdown$$00000000  c_w.l(libshutdown.o)
    0x0800021c   0x00000000   Code   RO          925    .ARM.Collect$$libshutdown$$00000002  c_w.l(libshutdown2.o)
    0x0800021c   0x00000000   Code   RO          927    .ARM.Collect$$libshutdown$$00000004  c_w.l(libshutdown2.o)
    0x0800021c   0x00000000   Code   RO          930    .ARM.Collect$$libshutdown$$00000007  c_w.l(libshutdown2.o)
    0x0800021c   0x00000000   Code   RO          933    .ARM.Collect$$libshutdown$$0000000A  c_w.l(libshutdown2.o)
    0x0800021c   0x00000000   Code   RO          935    .ARM.Collect$$libshutdown$$0000000C  c_w.l(libshutdown2.o)
    0x0800021c   0x00000000   Code   RO          938    .ARM.Collect$$libshutdown$$0000000F  c_w.l(libshutdown2.o)
    0x0800021c   0x00000002   Code   RO          939    .ARM.Collect$$libshutdown$$00000010  c_w.l(libshutdown2.o)
    0x0800021e   0x00000000   Code   RO          733    .ARM.Collect$$rtentry$$00000000  c_w.l(__rtentry.o)
    0x0800021e   0x00000000   Code   RO          759    .ARM.Collect$$rtentry$$00000002  c_w.l(__rtentry2.o)
    0x0800021e   0x00000006   Code   RO          771    .ARM.Collect$$rtentry$$00000004  c_w.l(__rtentry4.o)
    0x08000224   0x00000000   Code   RO          761    .ARM.Collect$$rtentry$$00000009  c_w.l(__rtentry2.o)
    0x08000224   0x00000004   Code   RO          762    .ARM.Collect$$rtentry$$0000000A  c_w.l(__rtentry2.o)
    0x08000228   0x00000000   Code   RO          764    .ARM.Collect$$rtentry$$0000000C  c_w.l(__rtentry2.o)
    0x08000228   0x00000008   Code   RO          765    .ARM.Collect$$rtentry$$0000000D  c_w.l(__rtentry2.o)
    0x08000230   0x00000002   Code   RO          886    .ARM.Collect$$rtexit$$00000000  c_w.l(rtexit.o)
    0x08000232   0x00000000   Code   RO          896    .ARM.Collect$$rtexit$$00000002  c_w.l(rtexit2.o)
    0x08000232   0x00000004   Code   RO          897    .ARM.Collect$$rtexit$$00000003  c_w.l(rtexit2.o)
    0x08000236   0x00000006   Code   RO          898    .ARM.Collect$$rtexit$$00000004  c_w.l(rtexit2.o)
    0x0800023c   0x000000f4   Code   RO            1    .text               main.o
    0x08000330   0x0000001a   Code   RO          175    .text               stm32f10x_it.o
    0x0800034a   0x00000002   PAD
    0x0800034c   0x000001e0   Code   RO          216    .text               system_stm32f10x.o
    0x0800052c   0x00000070   Code   RO          234    .text               beep.o
    0x0800059c   0x00000068   Code   RO          256    .text               uhfhw_config.o
    0x08000604   0x00000080   Code   RO          268    .text               led.o
    0x08000684   0x00000108   Code   RO          280    .text               spi.o
    0x0800078c   0x00000398   Code   RO          292    .text               timer.o
    0x08000b24   0x0000143c   Code   RO          315    .text               uhf.o
    0x08001f60   0x00000368   Code   RO          335    .text               w25qxx.o
    0x080022c8   0x000017b4   Code   RO          354    .text               w5500.o
    0x08003a7c   0x00000092   Code   RO          374    .text               wdg.o
    0x08003b0e   0x00000002   PAD
    0x08003b10   0x00000108   Code   RO          389    .text               cmd_queue.o
    0x08003c18   0x00001a2c   Code   RO          404    .text               hmi_driver.o
    0x08005644   0x000002e4   Code   RO          416    .text               hmi_user_uart.o
    0x08005928   0x00000e44   Code   RO          456    .text               screen.o
    0x0800676c   0x000000d4   Code   RO          480    .text               delay.o
    0x08006840   0x00000040   Code   RO          524    .text               startup_stm32f10x_hd.o
    0x08006880   0x000000dc   Code   RO          528    .text               misc.o
    0x0800695c   0x0000035c   Code   RO          540    .text               stm32f10x_gpio.o
    0x08006cb8   0x000003a4   Code   RO          552    .text               stm32f10x_rcc.o
    0x0800705c   0x00000408   Code   RO          566    .text               stm32f10x_usart.o
    0x08007464   0x0000030c   Code   RO          590    .text               stm32f10x_spi.o
    0x08007770   0x00000e1a   Code   RO          602    .text               stm32f10x_tim.o
    0x0800858a   0x00000002   PAD
    0x0800858c   0x0000011c   Code   RO          614    .text               stm32f10x_exti.o
    0x080086a8   0x00000088   Code   RO          626    .text               stm32f10x_wwdg.o
    0x08008730   0x00000040   Code   RO          638    .text               stm32f10x_iwdg.o
    0x08008770   0x00000002   Code   RO          652    .text               c_w.l(use_no_semi_2.o)
    0x08008772   0x00000002   PAD
    0x08008774   0x00000018   Code   RO          658    .text               c_w.l(noretval__2printf.o)
    0x0800878c   0x00000028   Code   RO          660    .text               c_w.l(noretval__2sprintf.o)
    0x080087b4   0x00000078   Code   RO          664    .text               c_w.l(_printf_dec.o)
    0x0800882c   0x00000058   Code   RO          669    .text               c_w.l(_printf_hex_int.o)
    0x08008884   0x00000160   Code   RO          702    .text               c_w.l(__printf_ss_wp.o)
    0x080089e4   0x0000003c   Code   RO          711    .text               c_w.l(__0sscanf.o)
    0x08008a20   0x0000014c   Code   RO          713    .text               c_w.l(_scanf_int.o)
    0x08008b6c   0x00000058   Code   RO          715    .text               c_w.l(memcmp.o)
    0x08008bc4   0x0000008a   Code   RO          717    .text               c_w.l(rt_memcpy_v6.o)
    0x08008c4e   0x00000044   Code   RO          719    .text               c_w.l(rt_memclr.o)
    0x08008c92   0x0000004e   Code   RO          721    .text               c_w.l(rt_memclr_w.o)
    0x08008ce0   0x00000006   Code   RO          723    .text               c_w.l(heapauxi.o)
    0x08008ce6   0x00000002   Code   RO          731    .text               c_w.l(use_no_semi.o)
    0x08008ce8   0x000000b2   Code   RO          734    .text               c_w.l(_printf_intcommon.o)
    0x08008d9a   0x0000041a   Code   RO          736    .text               c_w.l(_printf_fp_dec.o)
    0x080091b4   0x00000030   Code   RO          738    .text               c_w.l(_printf_char_common.o)
    0x080091e4   0x0000000a   Code   RO          740    .text               c_w.l(_sputc.o)
    0x080091ee   0x00000002   PAD
    0x080091f0   0x00000024   Code   RO          742    .text               c_w.l(_printf_char_file.o)
    0x08009214   0x0000001c   Code   RO          745    .text               c_w.l(_chval.o)
    0x08009230   0x0000002c   Code   RO          747    .text               c_w.l(scanf_char.o)
    0x0800925c   0x00000040   Code   RO          749    .text               c_w.l(_sgetc.o)
    0x0800929c   0x00000064   Code   RO          751    .text               c_w.l(rt_memcpy_w.o)
    0x08009300   0x00000008   Code   RO          776    .text               c_w.l(rt_locale_intlibspace.o)
    0x08009308   0x0000008a   Code   RO          778    .text               c_w.l(lludiv10.o)
    0x08009392   0x00000012   Code   RO          780    .text               c_w.l(isspace.o)
    0x080093a4   0x00000080   Code   RO          782    .text               c_w.l(_printf_fp_infnan.o)
    0x08009424   0x00000374   Code   RO          786    .text               c_w.l(_scanf.o)
    0x08009798   0x000000dc   Code   RO          788    .text               c_w.l(bigflt0.o)
    0x08009874   0x00000008   Code   RO          813    .text               c_w.l(ferror.o)
    0x0800987c   0x00000008   Code   RO          824    .text               c_w.l(libspace.o)
    0x08009884   0x0000004a   Code   RO          827    .text               c_w.l(sys_stackheap_outer.o)
    0x080098ce   0x00000002   PAD
    0x080098d0   0x00000010   Code   RO          829    .text               c_w.l(rt_ctype_table.o)
    0x080098e0   0x00000012   Code   RO          831    .text               c_w.l(exit.o)
    0x080098f2   0x00000002   PAD
    0x080098f4   0x00000080   Code   RO          833    .text               c_w.l(strcmpv7m.o)
    0x08009974   0x0000003e   Code   RO          791    CL$$btod_d2e        c_w.l(btod.o)
    0x080099b2   0x00000046   Code   RO          793    CL$$btod_d2e_denorm_low  c_w.l(btod.o)
    0x080099f8   0x00000060   Code   RO          792    CL$$btod_d2e_norm_op1  c_w.l(btod.o)
    0x08009a58   0x00000338   Code   RO          801    CL$$btod_div_common  c_w.l(btod.o)
    0x08009d90   0x000000c6   Code   RO          798    CL$$btod_e2e        c_w.l(btod.o)
    0x08009e56   0x00000028   Code   RO          795    CL$$btod_ediv       c_w.l(btod.o)
    0x08009e7e   0x00000028   Code   RO          794    CL$$btod_emul       c_w.l(btod.o)
    0x08009ea6   0x00000244   Code   RO          800    CL$$btod_mult_common  c_w.l(btod.o)
    0x0800a0ea   0x00000028   Code   RO          822    i.__ARM_fpclassify  m_ws.l(fpclassify.o)
    0x0800a112   0x0000000e   Code   RO          697    i._is_digit         c_w.l(__printf_wp.o)
    0x0800a120   0x0000002c   Code   RO          818    locale$$code        c_w.l(lc_numeric_c.o)
    0x0800a14c   0x0000002c   Code   RO          889    locale$$code        c_w.l(lc_ctype_c.o)
    0x0800a178   0x0000000c   Code   RO          753    x$fpl$dretinf       fz_ws.l(dretinf.o)
    0x0800a184   0x00000056   Code   RO          727    x$fpl$f2d           fz_ws.l(f2d.o)
    0x0800a1da   0x0000008c   Code   RO          755    x$fpl$fnaninf       fz_ws.l(fnaninf.o)
    0x0800a266   0x00000004   Code   RO          729    x$fpl$printf1       fz_ws.l(printf1.o)
    0x0800a26a   0x00000000   Code   RO          757    x$fpl$usenofp       fz_ws.l(usenofp.o)
    0x0800a26a   0x00000028   Data   RO          670    .constdata          c_w.l(_printf_hex_int.o)
    0x0800a292   0x00000002   PAD
    0x0800a294   0x00000094   Data   RO          789    .constdata          c_w.l(bigflt0.o)
    0x0800a328   0x00000020   Data   RO          964    Region$$Table       anon$$obj.o
    0x0800a348   0x0000001c   Data   RO          817    locale$$data        c_w.l(lc_numeric_c.o)
    0x0800a364   0x00000110   Data   RO          888    locale$$data        c_w.l(lc_ctype_c.o)


    Execution Region RW_IRAM1 (Base: 0x20000000, Size: 0x00005c00, Max: 0x0000c000, ABSOLUTE, COMPRESSED[0x00000150])

    Base Addr    Size         Type   Attr      Idx    E Section Name        Object

    0x20000000   0x00000004   Data   RW            2    .data               main.o
    0x20000004   0x00000014   Data   RW          217    .data               system_stm32f10x.o
    0x20000018   0x00000002   Data   RW          235    .data               beep.o
    0x2000001a   0x00000002   PAD
    0x2000001c   0x00000011   Data   RW          293    .data               timer.o
    0x2000002d   0x00000003   PAD
    0x20000030   0x00000244   Data   RW          317    .data               uhf.o
    0x20000274   0x00000002   Data   RW          337    .data               w25qxx.o
    0x20000276   0x00000002   PAD
    0x20000278   0x00000039   Data   RW          356    .data               w5500.o
    0x200002b1   0x00000003   PAD
    0x200002b4   0x00000006   Data   RW          391    .data               cmd_queue.o
    0x200002ba   0x00000002   PAD
    0x200002bc   0x00000018   Data   RW          418    .data               hmi_user_uart.o
    0x200002d4   0x00000036   Data   RW          458    .data               screen.o
    0x2000030a   0x00000004   Data   RW          481    .data               delay.o
    0x2000030e   0x00000014   Data   RW          553    .data               stm32f10x_rcc.o
    0x20000322   0x00000002   PAD
    0x20000324   0x00001d74   Zero   RW          316    .bss                uhf.o
    0x20002098   0x00001000   Zero   RW          336    .bss                w25qxx.o
    0x20003098   0x00002000   Zero   RW          355    .bss                w5500.o
    0x20005098   0x00000054   Zero   RW          390    .bss                cmd_queue.o
    0x200050ec   0x00000400   Zero   RW          417    .bss                hmi_user_uart.o
    0x200054ec   0x000000b4   Zero   RW          457    .bss                screen.o
    0x200055a0   0x00000060   Zero   RW          825    .bss                c_w.l(libspace.o)
    0x20005600   0x00000200   Zero   RW          522    HEAP                startup_stm32f10x_hd.o
    0x20005800   0x00000400   Zero   RW          521    STACK               startup_stm32f10x_hd.o


==============================================================================

Image component sizes


      Code (inc. data)   RO Data    RW Data    ZI Data      Debug   Object Name

       112         12          0          2          0       1074   beep.o
       264         12          0          6         84       2252   cmd_queue.o
       212         18          0          4          0       1207   delay.o
      6700          0          0          0          0      26410   hmi_driver.o
       740         36          0         24       1024       4766   hmi_user_uart.o
       128         12          0          0          0        607   led.o
       244         28          0          4          0     266870   main.o
       220         22          0          0          0       1961   misc.o
      3652        262          0         54        180      25292   screen.o
       264         10          0          0          0       1205   spi.o
        64         26        304          0       1536        852   startup_stm32f10x_hd.o
       284         10          0          0          0       2419   stm32f10x_exti.o
       860         38          0          0          0       5897   stm32f10x_gpio.o
        26          0          0          0          0       1262   stm32f10x_it.o
        64          6          0          0          0       1361   stm32f10x_iwdg.o
       932         36          0         20          0       9160   stm32f10x_rcc.o
       780         14          0          0          0       6778   stm32f10x_spi.o
      3610         88          0          0          0      23004   stm32f10x_tim.o
      1032         22          0          0          0       8620   stm32f10x_usart.o
       136         10          0          0          0       2460   stm32f10x_wwdg.o
         0          0          0          0          0         32   sys.o
       480         38          0         20          0       1983   system_stm32f10x.o
       920        100          0         17          0       2459   timer.o
      5180        792          0        580       7540      11082   uhf.o
       104         10          0          0          0        621   uhfhw_config.o
       872         30          0          2       4096       4717   w25qxx.o
      6068        442          0         57       8192      15766   w5500.o
       146          0          0          0          0       1476   wdg.o

    ----------------------------------------------------------------------
     34100       2074        336        804      22652     431593   Object Totals
         0          0         32          0          0          0   (incl. Generated)
         6          0          0         14          0          0   (incl. Padding)

    ----------------------------------------------------------------------

      Code (inc. data)   RO Data    RW Data    ZI Data      Debug   Library Member Name

        60          8          0          0          0         84   __0sscanf.o
        90          0          0          0          0          0   __dczerorl2.o
         8          0          0          0          0         68   __main.o
       352          0          0          0          0         88   __printf_ss_wp.o
        14          0          0          0          0         68   __printf_wp.o
         0          0          0          0          0          0   __rtentry.o
        12          0          0          0          0          0   __rtentry2.o
         6          0          0          0          0          0   __rtentry4.o
        52          8          0          0          0          0   __scatter.o
        28          0          0          0          0          0   __scatter_zi.o
        28          0          0          0          0         68   _chval.o
        48          6          0          0          0         96   _printf_char_common.o
        36          4          0          0          0         80   _printf_char_file.o
         6          0          0          0          0          0   _printf_d.o
       120         16          0          0          0         92   _printf_dec.o
         6          0          0          0          0          0   _printf_f.o
      1050          0          0          0          0        216   _printf_fp_dec.o
       128         16          0          0          0         84   _printf_fp_infnan.o
        88          4         40          0          0         88   _printf_hex_int.o
       178          0          0          0          0         88   _printf_intcommon.o
         0          0          0          0          0          0   _printf_percent.o
         4          0          0          0          0          0   _printf_percent_end.o
         6          0          0          0          0          0   _printf_x.o
       884          6          0          0          0        100   _scanf.o
       332          0          0          0          0         96   _scanf_int.o
        64          0          0          0          0         84   _sgetc.o
        10          0          0          0          0         68   _sputc.o
       220          4        148          0          0         96   bigflt0.o
      1910        128          0          0          0        672   btod.o
        18          0          0          0          0         80   exit.o
         8          0          0          0          0         68   ferror.o
         6          0          0          0          0        152   heapauxi.o
        18          0          0          0          0         76   isspace.o
        44         10        272          0          0         76   lc_ctype_c.o
        44         10         28          0          0         76   lc_numeric_c.o
         2          0          0          0          0          0   libinit.o
        30          0          0          0          0          0   libinit2.o
         2          0          0          0          0          0   libshutdown.o
         2          0          0          0          0          0   libshutdown2.o
         8          4          0          0         96         68   libspace.o
       138          0          0          0          0         80   lludiv10.o
        88          0          0          0          0         76   memcmp.o
        24          4          0          0          0         84   noretval__2printf.o
        40          6          0          0          0         84   noretval__2sprintf.o
        16          4          0          0          0         76   rt_ctype_table.o
         8          4          0          0          0         68   rt_locale_intlibspace.o
        68          0          0          0          0         68   rt_memclr.o
        78          0          0          0          0         80   rt_memclr_w.o
       138          0          0          0          0         68   rt_memcpy_v6.o
       100          0          0          0          0         80   rt_memcpy_w.o
         2          0          0          0          0          0   rtexit.o
        10          0          0          0          0          0   rtexit2.o
        44          8          0          0          0         84   scanf_char.o
       128          0          0          0          0         68   strcmpv7m.o
        74          0          0          0          0         80   sys_stackheap_outer.o
         2          0          0          0          0         68   use_no_semi.o
         2          0          0          0          0         68   use_no_semi_2.o
        12          0          0          0          0         68   dretinf.o
        86          4          0          0          0         84   f2d.o
       140          4          0          0          0         84   fnaninf.o
         4          0          0          0          0         68   printf1.o
         0          0          0          0          0          0   usenofp.o
        40          0          0          0          0         68   fpclassify.o

    ----------------------------------------------------------------------
      7174        258        490          0         96       4336   Library Totals
        10          0          2          0          0          0   (incl. Padding)

    ----------------------------------------------------------------------

      Code (inc. data)   RO Data    RW Data    ZI Data      Debug   Library Name

      6882        250        488          0         96       3964   c_w.l
       242          8          0          0          0        304   fz_ws.l
        40          0          0          0          0         68   m_ws.l

    ----------------------------------------------------------------------
      7174        258        490          0         96       4336   Library Totals

    ----------------------------------------------------------------------

==============================================================================


      Code (inc. data)   RO Data    RW Data    ZI Data      Debug   

     41274       2332        826        804      22748     430881   Grand Totals
     41274       2332        826        336      22748     430881   ELF Image Totals (compressed)
     41274       2332        826        336          0          0   ROM Totals

==============================================================================

    Total RO  Size (Code + RO Data)                42100 (  41.11kB)
    Total RW  Size (RW Data + ZI Data)             23552 (  23.00kB)
    Total ROM Size (Code + RO Data + RW Data)      42436 (  41.44kB)

==============================================================================

